Loaded pretrained BNN from /home/guo/Adapt/data/lunar_lander
======================================================================
Lunar Lander: MCTS+BNN+forget | sims=200 rollout=10
  wind=[0.0, 10.0, 15.0, 20.0] | trials=10x1000
======================================================================
  trial 1/10: return=-110.5 steps=81 forget=3
  trial 2/10: return=-78.5 steps=55 forget=5
  trial 3/10: return=-132.1 steps=84 forget=4
  trial 4/10: return=-91.7 steps=91 forget=4
  trial 5/10: return=-76.6 steps=93 forget=14
  trial 6/10: return=-133.5 steps=67 forget=9
  trial 7/10: return=-108.0 steps=67 forget=9
  trial 8/10: return=-110.0 steps=72 forget=10
  trial 9/10: return=-106.3 steps=61 forget=4
  trial 10/10: return=-138.1 steps=73 forget=8
wind=    0:   -108.5 ± 20.7  (478s)
  trial 1/10: return=-76.0 steps=60 forget=8
  trial 2/10: return=-98.0 steps=81 forget=4
  trial 3/10: return=-61.7 steps=64 forget=8
  trial 4/10: return=-125.6 steps=72 forget=10
  trial 5/10: return=-165.6 steps=84 forget=3
  trial 6/10: return=-121.3 steps=79 forget=4
  trial 7/10: return=-90.6 steps=56 forget=5
  trial 8/10: return=-123.4 steps=58 forget=7
  trial 9/10: return=-107.3 steps=73 forget=10
  trial 10/10: return=-27.9 steps=98 forget=15
wind=   10:    -99.7 ± 36.5  (488s)
  trial 1/10: return=-202.1 steps=74 forget=3
  trial 2/10: return=-96.9 steps=91 forget=5
  trial 3/10: return=-134.5 steps=61 forget=8
  trial 4/10: return=24.9 steps=84 forget=7
  trial 5/10: return=-89.4 steps=59 forget=7
  trial 6/10: return=-109.3 steps=63 forget=4
  trial 7/10: return=-102.2 steps=68 forget=9
  trial 8/10: return=-142.7 steps=60 forget=8
  trial 9/10: return=-112.7 steps=95 forget=4
  trial 10/10: return=-94.8 steps=66 forget=9
wind=   15:   -106.0 ± 53.9  (486s)
  trial 1/10: return=-80.4 steps=57 forget=7
  trial 2/10: return=-125.9 steps=64 forget=8
  trial 3/10: return=-461.4 steps=93 forget=4
  trial 4/10: return=-72.4 steps=54 forget=5
  trial 5/10: return=-106.9 steps=76 forget=11
  trial 6/10: return=-98.2 steps=68 forget=9
  trial 7/10: return=-172.9 steps=85 forget=4
  trial 8/10: return=-131.0 steps=75 forget=11
  trial 9/10: return=-108.7 steps=67 forget=9
  trial 10/10: return=-110.1 steps=73 forget=3
wind=   20:   -146.8 ± 108.2  (478s)

DONE.
