======================================================================
Pendulum sweep H=40 (change at t=0, 10 trials x 100 steps)
  CEM: H=40 I=8 J=512 K=5
  Dual-channel drift + warmup=20
======================================================================

--- Mass sweep (gravity=10.0, H=40) ---
  Mass      Oracle        Ours   Ratio   Forget
--------------------------------------------------
   1.0    -152.2±   77    -702.8±   75   4.62x   10.7  (249s)
   2.0    -344.5±  174    -708.6±   91   2.06x    8.1  (249s)
   2.3    -412.2±  165    -612.8±   68   1.49x   11.9  (249s)
   2.5    -420.7±  170    -702.8±  100   1.67x   12.5  (249s)
   3.0    -437.6±  179    -737.4±  118   1.68x   12.0  (249s)
   3.5    -496.9±  114    -648.7±  197   1.31x   10.5  (249s)
   4.0    -515.7±  116    -685.9±  151   1.33x   13.7  (249s)

--- Gravity sweep (mass=1.0, H=40) ---
  Grav      Oracle        Ours   Ratio   Forget
--------------------------------------------------
  10.0    -152.2±   77    -656.9±   99   4.32x    9.6  (221s)
  12.0    -182.9±  109    -729.6±   62   3.99x    7.4  (208s)
  15.0    -373.5±  168    -727.4±   29   1.95x    7.4  (207s)
  18.0    -541.3±  183    -766.8±   34   1.42x    6.0  (207s)
  20.0    -599.1±  201    -748.7±   50   1.25x    8.9  (207s)

DONE.
