==============================================================================================================
CVaR-CEM (Ayan) PLANNER + DIRICHLET-HEAD model + ONLINE COUNTS (K=3) | schedule=[(0, 1.0), (1, 0.7)] | change@[1] | trials=100 | CONC_PRIOR=0.1 | learn=True
  loaded pretrained Dirichlet model from bnn_dirichlet_k3.pth
  planner: H=6 I=5 J=256 elite_frac=0.1 CVaR_alpha=1.0 K_models=10 N_rollouts=32 beta=0.0 gamma=0.95 warm_start=True
  adaptive_alpha=False alpha_min=0.95 alpha_max=1.0 n_confident=12 surprise_tau=2.0 | learn=EVERY STEP (conjugate counts)
==============================================================================================================

########## TRIAL 1/100 ##########
  => TRIAL 1 end: goal in 26 steps
     V2 final: lam=+2.730 dbar=3.730 (n=25)  ||  V1 final: lam=1.997 dbar=2.997  ||  retain=0.0000
     epistemic(Var_w[p]): mean=0.00000 max=0.00001 last=0.00000 | alpha0: mean=2.314 last=2.300
     learn (10,DOWN) n= 5 | empirical=[1.00,0.00,0.00] | model p_dir=[0.96,0.02,0.02]
     learn (13,RIGHT) n= 5 | empirical=[0.60,0.20,0.20] | model p_dir=[0.58,0.21,0.21]
     learn (14,DOWN) n= 5 | empirical=[0.60,0.40,0.00] | model p_dir=[0.58,0.40,0.02]

########## TRIAL 2/100 ##########
  => TRIAL 2 end: goal in 6 steps
     V2 final: lam=+8.376 dbar=9.376 (n=5)  ||  V1 final: lam=5.127 dbar=6.127  ||  retain=0.0006
     epistemic(Var_w[p]): mean=0.00001 max=0.00001 last=0.00000 | alpha0: mean=2.330 last=0.320
     learn (0,DOWN) n= 1 | empirical=[1.00,0.00,0.00] | model p_dir=[0.85,0.08,0.08]
     learn (4,DOWN) n= 1 | empirical=[1.00,0.00,0.00] | model p_dir=[0.85,0.08,0.08]
     learn (8,RIGHT) n= 1 | empirical=[1.00,0.00,0.00] | model p_dir=[0.85,0.08,0.08]

########## TRIAL 3/100 ##########
  => TRIAL 3 end: hole in 2 steps
     V2 final: lam=+21.245 dbar=22.245 (n=1)  ||  V1 final: lam=4.089 dbar=5.089  ||  retain=0.0450
     epistemic(Var_w[p]): mean=0.00001 max=0.00001 last=0.00001 | alpha0: mean=3.143 last=3.022
     learn (0,DOWN) n= 1 | empirical=[1.00,0.00,0.00] | model p_dir=[0.86,0.07,0.07]
     learn (4,DOWN) n= 1 | empirical=[0.00,0.00,1.00] | model p_dir=[0.16,0.07,0.77]

########## TRIAL 4/100 ##########
  => TRIAL 4 end: hole in 15 steps
     V2 final: lam=+2.921 dbar=3.921 (n=14)  ||  V1 final: lam=0.684 dbar=1.684  ||  retain=0.0000
     epistemic(Var_w[p]): mean=0.00000 max=0.00001 last=0.00000 | alpha0: mean=1.765 last=0.300
     learn (0,LEFT) n= 4 | empirical=[0.75,0.00,0.25] | model p_dir=[0.72,0.02,0.26]
     learn (1,UP) n= 4 | empirical=[1.00,0.00,0.00] | model p_dir=[0.95,0.02,0.02]
     learn (4,LEFT) n= 3 | empirical=[0.33,0.67,0.00] | model p_dir=[0.33,0.64,0.03]

########## TRIAL 5/100 ##########
  => TRIAL 5 end: hole in 3 steps
     V2 final: lam=+19.269 dbar=20.269 (n=2)  ||  V1 final: lam=7.546 dbar=8.546  ||  retain=0.0490
     epistemic(Var_w[p]): mean=0.00001 max=0.00001 last=0.00000 | alpha0: mean=3.290 last=3.397
     learn (0,DOWN) n= 1 | empirical=[1.00,0.00,0.00] | model p_dir=[0.87,0.07,0.07]
     learn (4,DOWN) n= 1 | empirical=[1.00,0.00,0.00] | model p_dir=[0.86,0.07,0.07]
     learn (8,RIGHT) n= 1 | empirical=[0.00,1.00,0.00] | model p_dir=[0.18,0.76,0.07]

########## TRIAL 6/100 ##########
  => TRIAL 6 end: truncated in 100 steps
     V2 final: lam=+4.335 dbar=5.335 (n=99)  ||  V1 final: lam=2.722 dbar=3.722  ||  retain=0.0000
     epistemic(Var_w[p]): mean=0.00000 max=0.00002 last=0.00000 | alpha0: mean=8.750 last=23.300
     learn (1,UP) n=24 | empirical=[0.79,0.12,0.08] | model p_dir=[0.79,0.13,0.09]
     learn (0,UP) n=23 | empirical=[0.91,0.09,0.00] | model p_dir=[0.91,0.09,0.00]
     learn (2,UP) n=20 | empirical=[0.80,0.05,0.15] | model p_dir=[0.79,0.05,0.15]

########## TRIAL 7/100 ##########
  => TRIAL 7 end: hole in 67 steps
     V2 final: lam=+2.237 dbar=3.237 (n=66)  ||  V1 final: lam=0.372 dbar=1.372  ||  retain=0.0000
     epistemic(Var_w[p]): mean=0.00000 max=0.00001 last=0.00000 | alpha0: mean=9.760 last=0.300
     learn (0,LEFT) n=25 | empirical=[0.76,0.00,0.24] | model p_dir=[0.75,0.00,0.24]
     learn (4,LEFT) n=25 | empirical=[0.64,0.24,0.12] | model p_dir=[0.64,0.24,0.12]
     learn (0,UP) n= 6 | empirical=[0.83,0.17,0.00] | model p_dir=[0.81,0.17,0.02]

########## TRIAL 8/100 ##########
  => TRIAL 8 end: truncated in 100 steps
     V2 final: lam=+1.472 dbar=2.472 (n=99)  ||  V1 final: lam=3.168 dbar=4.168  ||  retain=0.0000
     epistemic(Var_w[p]): mean=0.00000 max=0.00001 last=0.00000 | alpha0: mean=18.989 last=3.300
     learn (4,LEFT) n=44 | empirical=[0.73,0.20,0.07] | model p_dir=[0.72,0.21,0.07]
     learn (0,LEFT) n=43 | empirical=[0.84,0.00,0.16] | model p_dir=[0.83,0.00,0.16]
     learn (1,UP) n= 4 | empirical=[0.75,0.25,0.00] | model p_dir=[0.72,0.26,0.02]

########## TRIAL 9/100 ##########
  => TRIAL 9 end: hole in 92 steps
     V2 final: lam=+2.936 dbar=3.936 (n=91)  ||  V1 final: lam=3.047 dbar=4.047  ||  retain=0.0000
     epistemic(Var_w[p]): mean=0.00000 max=0.00001 last=0.00000 | alpha0: mean=10.075 last=2.300
     learn (0,LEFT) n=30 | empirical=[0.90,0.00,0.10] | model p_dir=[0.89,0.00,0.10]
     learn (4,LEFT) n=23 | empirical=[0.74,0.09,0.17] | model p_dir=[0.73,0.09,0.18]
     learn (0,UP) n=19 | empirical=[0.95,0.05,0.00] | model p_dir=[0.94,0.06,0.01]

########## TRIAL 10/100 ##########
  => TRIAL 10 end: truncated in 100 steps
     V2 final: lam=+2.273 dbar=3.273 (n=99)  ||  V1 final: lam=0.023 dbar=1.023  ||  retain=0.0000
     epistemic(Var_w[p]): mean=0.00000 max=0.00001 last=0.00000 | alpha0: mean=14.512 last=44.300
     learn (0,LEFT) n=45 | empirical=[0.93,0.00,0.07] | model p_dir=[0.93,0.00,0.07]
     learn (4,LEFT) n=27 | empirical=[0.63,0.15,0.22] | model p_dir=[0.63,0.15,0.22]
     learn (8,UP) n= 9 | empirical=[0.89,0.00,0.11] | model p_dir=[0.87,0.01,0.12]

########## TRIAL 11/100 ##########
  => TRIAL 11 end: hole in 2 steps
     V2 final: lam=+24.862 dbar=25.862 (n=1)  ||  V1 final: lam=4.813 dbar=5.813  ||  retain=0.0387
     epistemic(Var_w[p]): mean=0.00001 max=0.00001 last=0.00001 | alpha0: mean=3.268 last=3.214
     learn (0,DOWN) n= 1 | empirical=[1.00,0.00,0.00] | model p_dir=[0.86,0.07,0.07]
     learn (4,DOWN) n= 1 | empirical=[0.00,0.00,1.00] | model p_dir=[0.15,0.07,0.78]

########## TRIAL 12/100 ##########
  => TRIAL 12 end: goal in 12 steps
     V2 final: lam=+5.412 dbar=6.412 (n=11)  ||  V1 final: lam=2.112 dbar=3.112  ||  retain=0.0000
     epistemic(Var_w[p]): mean=0.00000 max=0.00003 last=0.00000 | alpha0: mean=1.747 last=0.300
     learn (9,DOWN) n= 3 | empirical=[0.67,0.00,0.33] | model p_dir=[0.64,0.03,0.33]
     learn (13,RIGHT) n= 2 | empirical=[0.50,0.00,0.50] | model p_dir=[0.48,0.04,0.48]
     learn (14,DOWN) n= 2 | empirical=[1.00,0.00,0.00] | model p_dir=[0.91,0.04,0.04]

########## TRIAL 13/100 ##########
  => TRIAL 13 end: truncated in 100 steps
     V2 final: lam=+2.945 dbar=3.945 (n=99)  ||  V1 final: lam=1.083 dbar=2.083  ||  retain=0.0000
     epistemic(Var_w[p]): mean=0.00000 max=0.00002 last=0.00000 | alpha0: mean=7.520 last=18.300
     learn (2,UP) n=29 | empirical=[0.86,0.07,0.07] | model p_dir=[0.86,0.07,0.07]
     learn (3,UP) n=19 | empirical=[0.89,0.00,0.11] | model p_dir=[0.89,0.01,0.11]
     learn (4,LEFT) n=11 | empirical=[0.73,0.18,0.09] | model p_dir=[0.72,0.19,0.10]

########## TRIAL 14/100 ##########
  => TRIAL 14 end: goal in 20 steps
     V2 final: lam=+3.688 dbar=4.688 (n=19)  ||  V1 final: lam=1.598 dbar=2.598  ||  retain=0.0000
     epistemic(Var_w[p]): mean=0.00000 max=0.00001 last=0.00000 | alpha0: mean=1.863 last=1.300
     learn (14,DOWN) n= 5 | empirical=[0.80,0.20,0.00] | model p_dir=[0.77,0.21,0.02]
     learn (9,DOWN) n= 3 | empirical=[0.67,0.33,0.00] | model p_dir=[0.64,0.33,0.03]
     learn (13,RIGHT) n= 3 | empirical=[1.00,0.00,0.00] | model p_dir=[0.94,0.03,0.03]

########## TRIAL 15/100 ##########
  => TRIAL 15 end: hole in 8 steps
     V2 final: lam=+8.695 dbar=9.695 (n=7)  ||  V1 final: lam=7.584 dbar=8.584  ||  retain=0.0008
     epistemic(Var_w[p]): mean=0.00001 max=0.00001 last=0.00000 | alpha0: mean=2.744 last=0.320
     learn (14,RIGHT) n= 2 | empirical=[0.00,0.50,0.50] | model p_dir=[0.04,0.48,0.48]
     learn (0,DOWN) n= 1 | empirical=[1.00,0.00,0.00] | model p_dir=[0.85,0.08,0.08]
     learn (4,DOWN) n= 1 | empirical=[1.00,0.00,0.00] | model p_dir=[0.85,0.08,0.08]

########## TRIAL 16/100 ##########
  => TRIAL 16 end: goal in 6 steps
     V2 final: lam=-0.010 dbar=0.990 (n=5)  ||  V1 final: lam=0.000 dbar=1.000  ||  retain=0.9889
     epistemic(Var_w[p]): mean=0.00000 max=0.00001 last=0.00000 | alpha0: mean=3.324 last=3.476
     learn (0,DOWN) n= 1 | empirical=[1.00,0.00,0.00] | model p_dir=[0.97,0.01,0.01]
     learn (4,DOWN) n= 1 | empirical=[1.00,0.00,0.00] | model p_dir=[0.97,0.02,0.01]
     learn (8,RIGHT) n= 1 | empirical=[1.00,0.00,0.00] | model p_dir=[0.99,0.01,0.01]

########## TRIAL 17/100 ##########
  => TRIAL 17 end: hole in 3 steps
     V2 final: lam=+17.605 dbar=18.605 (n=2)  ||  V1 final: lam=6.880 dbar=7.880  ||  retain=0.0534
     epistemic(Var_w[p]): mean=0.00001 max=0.00001 last=0.00000 | alpha0: mean=3.223 last=3.292
     learn (0,DOWN) n= 1 | empirical=[1.00,0.00,0.00] | model p_dir=[0.87,0.07,0.07]
     learn (4,DOWN) n= 1 | empirical=[1.00,0.00,0.00] | model p_dir=[0.86,0.07,0.07]
     learn (8,RIGHT) n= 1 | empirical=[0.00,1.00,0.00] | model p_dir=[0.19,0.75,0.07]

########## TRIAL 18/100 ##########
  => TRIAL 18 end: goal in 7 steps
     V2 final: lam=+6.440 dbar=7.440 (n=6)  ||  V1 final: lam=4.686 dbar=5.686  ||  retain=0.0015
     epistemic(Var_w[p]): mean=0.00001 max=0.00003 last=0.00000 | alpha0: mean=2.639 last=0.337
     learn (13,RIGHT) n= 2 | empirical=[0.50,0.50,0.00] | model p_dir=[0.48,0.48,0.04]
     learn (0,DOWN) n= 1 | empirical=[1.00,0.00,0.00] | model p_dir=[0.85,0.08,0.08]
     learn (4,DOWN) n= 1 | empirical=[1.00,0.00,0.00] | model p_dir=[0.85,0.08,0.08]

########## TRIAL 19/100 ##########
  => TRIAL 19 end: goal in 6 steps
     V2 final: lam=-0.020 dbar=0.980 (n=5)  ||  V1 final: lam=0.000 dbar=1.000  ||  retain=1.0000
     epistemic(Var_w[p]): mean=0.00000 max=0.00001 last=0.00000 | alpha0: mean=3.384 last=3.602
     learn (0,DOWN) n= 1 | empirical=[1.00,0.00,0.00] | model p_dir=[0.98,0.01,0.01]
     learn (4,DOWN) n= 1 | empirical=[1.00,0.00,0.00] | model p_dir=[0.97,0.02,0.01]
     learn (8,RIGHT) n= 1 | empirical=[1.00,0.00,0.00] | model p_dir=[0.99,0.01,0.01]

########## TRIAL 20/100 ##########
  => TRIAL 20 end: hole in 3 steps
     V2 final: lam=+20.303 dbar=21.303 (n=2)  ||  V1 final: lam=7.960 dbar=8.960  ||  retain=0.0466
     epistemic(Var_w[p]): mean=0.00000 max=0.00001 last=0.00000 | alpha0: mean=3.211 last=3.241
     learn (0,DOWN) n= 1 | empirical=[1.00,0.00,0.00] | model p_dir=[0.86,0.07,0.07]
     learn (4,DOWN) n= 1 | empirical=[1.00,0.00,0.00] | model p_dir=[0.86,0.07,0.07]
     learn (8,RIGHT) n= 1 | empirical=[0.00,1.00,0.00] | model p_dir=[0.17,0.76,0.07]

########## TRIAL 21/100 ##########
  => TRIAL 21 end: goal in 14 steps
     V2 final: lam=+3.838 dbar=4.838 (n=13)  ||  V1 final: lam=1.440 dbar=2.440  ||  retain=0.0000
     epistemic(Var_w[p]): mean=0.00000 max=0.00001 last=0.00000 | alpha0: mean=1.371 last=0.300
     learn (4,LEFT) n= 4 | empirical=[0.75,0.00,0.25] | model p_dir=[0.72,0.02,0.26]
     learn (4,DOWN) n= 2 | empirical=[0.50,0.50,0.00] | model p_dir=[0.48,0.48,0.04]
     learn (8,UP) n= 2 | empirical=[0.50,0.50,0.00] | model p_dir=[0.48,0.48,0.04]

########## TRIAL 22/100 ##########
  => TRIAL 22 end: goal in 48 steps
     V2 final: lam=+2.567 dbar=3.567 (n=47)  ||  V1 final: lam=1.074 dbar=2.074  ||  retain=0.0000
     epistemic(Var_w[p]): mean=0.00000 max=0.00002 last=0.00000 | alpha0: mean=4.131 last=0.300
     learn (4,LEFT) n=17 | empirical=[0.59,0.18,0.24] | model p_dir=[0.58,0.18,0.24]
     learn (8,UP) n= 6 | empirical=[0.67,0.33,0.00] | model p_dir=[0.65,0.33,0.02]
     learn (0,LEFT) n= 5 | empirical=[0.40,0.00,0.60] | model p_dir=[0.40,0.02,0.58]

########## TRIAL 23/100 ##########
  => TRIAL 23 end: hole in 5 steps
     V2 final: lam=+6.101 dbar=7.101 (n=4)  ||  V1 final: lam=2.432 dbar=3.432  ||  retain=0.0001
     epistemic(Var_w[p]): mean=0.00001 max=0.00001 last=0.00000 | alpha0: mean=1.704 last=0.302
     learn (4,LEFT) n= 2 | empirical=[0.50,0.00,0.50] | model p_dir=[0.48,0.04,0.48]
     learn (0,DOWN) n= 1 | empirical=[1.00,0.00,0.00] | model p_dir=[0.85,0.08,0.08]
     learn (4,DOWN) n= 1 | empirical=[0.00,1.00,0.00] | model p_dir=[0.08,0.85,0.08]

########## TRIAL 24/100 ##########
  => TRIAL 24 end: truncated in 100 steps
     V2 final: lam=+2.874 dbar=3.874 (n=99)  ||  V1 final: lam=0.766 dbar=1.766  ||  retain=0.0000
     epistemic(Var_w[p]): mean=0.00000 max=0.00003 last=0.00000 | alpha0: mean=10.659 last=2.300
     learn (0,LEFT) n=32 | empirical=[0.81,0.00,0.19] | model p_dir=[0.81,0.00,0.19]
     learn (4,LEFT) n=24 | empirical=[0.62,0.25,0.12] | model p_dir=[0.62,0.25,0.13]
     learn (0,UP) n=20 | empirical=[0.90,0.10,0.00] | model p_dir=[0.89,0.10,0.00]

########## TRIAL 25/100 ##########
  => TRIAL 25 end: hole in 2 steps
     V2 final: lam=+18.365 dbar=19.365 (n=1)  ||  V1 final: lam=3.512 dbar=4.512  ||  retain=0.0516
     epistemic(Var_w[p]): mean=0.00001 max=0.00001 last=0.00001 | alpha0: mean=3.138 last=2.936
     learn (0,DOWN) n= 1 | empirical=[1.00,0.00,0.00] | model p_dir=[0.87,0.07,0.07]
     learn (4,DOWN) n= 1 | empirical=[0.00,0.00,1.00] | model p_dir=[0.17,0.07,0.76]

########## TRIAL 26/100 ##########
  => TRIAL 26 end: hole in 3 steps
     V2 final: lam=+20.122 dbar=21.122 (n=2)  ||  V1 final: lam=7.888 dbar=8.888  ||  retain=0.0472
     epistemic(Var_w[p]): mean=0.00001 max=0.00001 last=0.00000 | alpha0: mean=3.295 last=3.393
     learn (0,DOWN) n= 1 | empirical=[1.00,0.00,0.00] | model p_dir=[0.87,0.07,0.07]
     learn (4,DOWN) n= 1 | empirical=[1.00,0.00,0.00] | model p_dir=[0.86,0.07,0.07]
     learn (8,RIGHT) n= 1 | empirical=[0.00,1.00,0.00] | model p_dir=[0.18,0.76,0.07]

########## TRIAL 27/100 ##########
  => TRIAL 27 end: hole in 77 steps
     V2 final: lam=+2.672 dbar=3.672 (n=76)  ||  V1 final: lam=2.635 dbar=3.635  ||  retain=0.0000
     epistemic(Var_w[p]): mean=0.00000 max=0.00002 last=0.00000 | alpha0: mean=12.391 last=1.300
     learn (1,UP) n=33 | empirical=[0.91,0.06,0.03] | model p_dir=[0.90,0.06,0.03]
     learn (4,LEFT) n=28 | empirical=[0.82,0.07,0.11] | model p_dir=[0.82,0.07,0.11]
     learn (0,LEFT) n= 5 | empirical=[0.60,0.00,0.40] | model p_dir=[0.58,0.02,0.40]

########## TRIAL 28/100 ##########
  => TRIAL 28 end: goal in 44 steps
     V2 final: lam=+3.814 dbar=4.814 (n=43)  ||  V1 final: lam=2.403 dbar=3.403  ||  retain=0.0000
     epistemic(Var_w[p]): mean=0.00000 max=0.00001 last=0.00000 | alpha0: mean=5.282 last=0.300
     learn (4,LEFT) n=18 | empirical=[0.67,0.06,0.28] | model p_dir=[0.66,0.06,0.28]
     learn (0,LEFT) n= 9 | empirical=[0.89,0.00,0.11] | model p_dir=[0.87,0.01,0.12]
     learn (8,UP) n= 5 | empirical=[0.80,0.20,0.00] | model p_dir=[0.77,0.21,0.02]

########## TRIAL 29/100 ##########
  => TRIAL 29 end: goal in 87 steps
     V2 final: lam=+4.303 dbar=5.303 (n=86)  ||  V1 final: lam=1.969 dbar=2.969  ||  retain=0.0000
     epistemic(Var_w[p]): mean=0.00000 max=0.00001 last=0.00000 | alpha0: mean=6.273 last=1.300
     learn (4,LEFT) n=19 | empirical=[0.68,0.16,0.16] | model p_dir=[0.68,0.16,0.16]
     learn (0,UP) n=18 | empirical=[0.94,0.06,0.00] | model p_dir=[0.93,0.06,0.01]
     learn (0,LEFT) n=16 | empirical=[0.88,0.00,0.12] | model p_dir=[0.87,0.01,0.13]

########## TRIAL 30/100 ##########
  => TRIAL 30 end: hole in 2 steps
     V2 final: lam=+23.429 dbar=24.429 (n=1)  ||  V1 final: lam=4.526 dbar=5.526  ||  retain=0.0409
     epistemic(Var_w[p]): mean=0.00001 max=0.00001 last=0.00001 | alpha0: mean=3.123 last=3.028
     learn (0,DOWN) n= 1 | empirical=[1.00,0.00,0.00] | model p_dir=[0.86,0.07,0.07]
     learn (4,DOWN) n= 1 | empirical=[0.00,0.00,1.00] | model p_dir=[0.15,0.07,0.78]

########## TRIAL 31/100 ##########
  => TRIAL 31 end: hole in 18 steps
     V2 final: lam=+4.608 dbar=5.608 (n=17)  ||  V1 final: lam=2.238 dbar=3.238  ||  retain=0.0000
     epistemic(Var_w[p]): mean=0.00000 max=0.00001 last=0.00000 | alpha0: mean=2.694 last=2.300
     learn (4,LEFT) n= 7 | empirical=[0.43,0.43,0.14] | model p_dir=[0.42,0.42,0.15]
     learn (0,LEFT) n= 4 | empirical=[0.50,0.00,0.50] | model p_dir=[0.49,0.02,0.49]
     learn (8,RIGHT) n= 3 | empirical=[0.33,0.33,0.33] | model p_dir=[0.33,0.33,0.33]

########## TRIAL 32/100 ##########
  => TRIAL 32 end: goal in 33 steps
     V2 final: lam=+2.840 dbar=3.840 (n=32)  ||  V1 final: lam=0.900 dbar=1.900  ||  retain=0.0000
     epistemic(Var_w[p]): mean=0.00000 max=0.00001 last=0.00000 | alpha0: mean=4.904 last=0.300
     learn (0,LEFT) n=13 | empirical=[0.85,0.00,0.15] | model p_dir=[0.83,0.01,0.16]
     learn (4,LEFT) n=12 | empirical=[0.58,0.25,0.17] | model p_dir=[0.58,0.25,0.17]
     learn (0,DOWN) n= 2 | empirical=[1.00,0.00,0.00] | model p_dir=[0.91,0.04,0.04]

########## TRIAL 33/100 ##########
  => TRIAL 33 end: goal in 6 steps
     V2 final: lam=-0.021 dbar=0.979 (n=5)  ||  V1 final: lam=0.000 dbar=1.000  ||  retain=1.0000
     epistemic(Var_w[p]): mean=0.00000 max=0.00001 last=0.00000 | alpha0: mean=3.354 last=3.560
     learn (0,DOWN) n= 1 | empirical=[1.00,0.00,0.00] | model p_dir=[0.98,0.01,0.01]
     learn (4,DOWN) n= 1 | empirical=[1.00,0.00,0.00] | model p_dir=[0.97,0.02,0.01]
     learn (8,RIGHT) n= 1 | empirical=[1.00,0.00,0.00] | model p_dir=[0.98,0.01,0.01]

########## TRIAL 34/100 ##########
  => TRIAL 34 end: hole in 3 steps
     V2 final: lam=+21.043 dbar=22.043 (n=2)  ||  V1 final: lam=8.254 dbar=9.254  ||  retain=0.0450
     epistemic(Var_w[p]): mean=0.00001 max=0.00001 last=0.00000 | alpha0: mean=3.262 last=3.347
     learn (0,DOWN) n= 1 | empirical=[1.00,0.00,0.00] | model p_dir=[0.86,0.07,0.07]
     learn (4,DOWN) n= 1 | empirical=[1.00,0.00,0.00] | model p_dir=[0.86,0.07,0.07]
     learn (8,RIGHT) n= 1 | empirical=[0.00,1.00,0.00] | model p_dir=[0.17,0.76,0.07]

########## TRIAL 35/100 ##########
  => TRIAL 35 end: hole in 2 steps
     V2 final: lam=+20.183 dbar=21.183 (n=1)  ||  V1 final: lam=3.877 dbar=4.877  ||  retain=0.0472
     epistemic(Var_w[p]): mean=0.00001 max=0.00001 last=0.00001 | alpha0: mean=3.126 last=3.048
     learn (0,DOWN) n= 1 | empirical=[1.00,0.00,0.00] | model p_dir=[0.86,0.07,0.07]
     learn (4,DOWN) n= 1 | empirical=[0.00,0.00,1.00] | model p_dir=[0.16,0.07,0.77]

########## TRIAL 36/100 ##########
  => TRIAL 36 end: goal in 10 steps
     V2 final: lam=+6.795 dbar=7.795 (n=9)  ||  V1 final: lam=4.237 dbar=5.237  ||  retain=0.0000
     epistemic(Var_w[p]): mean=0.00000 max=0.00001 last=0.00000 | alpha0: mean=2.048 last=2.300
     learn (14,DOWN) n= 3 | empirical=[0.67,0.00,0.33] | model p_dir=[0.64,0.03,0.33]
     learn (8,RIGHT) n= 2 | empirical=[1.00,0.00,0.00] | model p_dir=[0.91,0.04,0.04]
     learn (9,DOWN) n= 2 | empirical=[0.50,0.50,0.00] | model p_dir=[0.48,0.48,0.04]

########## TRIAL 37/100 ##########
  => TRIAL 37 end: goal in 15 steps
     V2 final: lam=+4.737 dbar=5.737 (n=14)  ||  V1 final: lam=1.809 dbar=2.809  ||  retain=0.0000
     epistemic(Var_w[p]): mean=0.00000 max=0.00002 last=0.00000 | alpha0: mean=1.529 last=0.300
     learn (9,DOWN) n= 3 | empirical=[0.67,0.00,0.33] | model p_dir=[0.64,0.03,0.33]
     learn (10,DOWN) n= 2 | empirical=[0.50,0.50,0.00] | model p_dir=[0.48,0.48,0.04]
     learn (13,RIGHT) n= 2 | empirical=[1.00,0.00,0.00] | model p_dir=[0.91,0.04,0.04]

########## TRIAL 38/100 ##########
  => TRIAL 38 end: goal in 32 steps
     V2 final: lam=+2.402 dbar=3.402 (n=31)  ||  V1 final: lam=0.777 dbar=1.777  ||  retain=0.0000
     epistemic(Var_w[p]): mean=0.00000 max=0.00001 last=0.00000 | alpha0: mean=4.986 last=0.300
     learn (4,LEFT) n=17 | empirical=[0.71,0.18,0.12] | model p_dir=[0.70,0.18,0.12]
     learn (0,LEFT) n= 3 | empirical=[0.33,0.00,0.67] | model p_dir=[0.33,0.03,0.64]
     learn (8,LEFT) n= 3 | empirical=[1.00,0.00,0.00] | model p_dir=[0.94,0.03,0.03]

########## TRIAL 39/100 ##########
  => TRIAL 39 end: goal in 9 steps
     V2 final: lam=+4.098 dbar=5.098 (n=8)  ||  V1 final: lam=2.036 dbar=3.036  ||  retain=0.0000
     epistemic(Var_w[p]): mean=0.00000 max=0.00001 last=0.00000 | alpha0: mean=1.183 last=1.300
     learn (13,RIGHT) n= 2 | empirical=[0.50,0.50,0.00] | model p_dir=[0.48,0.48,0.04]
     learn (14,DOWN) n= 2 | empirical=[0.50,0.00,0.50] | model p_dir=[0.48,0.04,0.48]
     learn (0,DOWN) n= 1 | empirical=[1.00,0.00,0.00] | model p_dir=[0.85,0.08,0.08]

########## TRIAL 40/100 ##########
  => TRIAL 40 end: goal in 6 steps
     V2 final: lam=-0.012 dbar=0.988 (n=5)  ||  V1 final: lam=0.000 dbar=1.000  ||  retain=0.9914
     epistemic(Var_w[p]): mean=0.00000 max=0.00001 last=0.00000 | alpha0: mean=3.346 last=3.524
     learn (0,DOWN) n= 1 | empirical=[1.00,0.00,0.00] | model p_dir=[0.97,0.02,0.01]
     learn (4,DOWN) n= 1 | empirical=[1.00,0.00,0.00] | model p_dir=[0.97,0.02,0.01]
     learn (8,RIGHT) n= 1 | empirical=[1.00,0.00,0.00] | model p_dir=[0.99,0.01,0.01]

########## TRIAL 41/100 ##########
  => TRIAL 41 end: goal in 34 steps
     V2 final: lam=+2.122 dbar=3.122 (n=33)  ||  V1 final: lam=1.019 dbar=2.019  ||  retain=0.0000
     epistemic(Var_w[p]): mean=0.00000 max=0.00001 last=0.00000 | alpha0: mean=2.585 last=0.300
     learn (0,LEFT) n=10 | empirical=[1.00,0.00,0.00] | model p_dir=[0.98,0.01,0.01]
     learn (4,LEFT) n= 6 | empirical=[0.50,0.17,0.33] | model p_dir=[0.49,0.17,0.33]
     learn (0,DOWN) n= 3 | empirical=[0.67,0.33,0.00] | model p_dir=[0.64,0.33,0.03]

########## TRIAL 42/100 ##########
  => TRIAL 42 end: goal in 89 steps
     V2 final: lam=+2.105 dbar=3.105 (n=88)  ||  V1 final: lam=0.834 dbar=1.834  ||  retain=0.0000
     epistemic(Var_w[p]): mean=0.00000 max=0.00001 last=0.00000 | alpha0: mean=8.884 last=2.300
     learn (4,LEFT) n=34 | empirical=[0.79,0.06,0.15] | model p_dir=[0.79,0.06,0.15]
     learn (0,LEFT) n=15 | empirical=[0.87,0.00,0.13] | model p_dir=[0.86,0.01,0.14]
     learn (8,UP) n=10 | empirical=[0.50,0.10,0.40] | model p_dir=[0.50,0.11,0.40]

########## TRIAL 43/100 ##########
  => TRIAL 43 end: truncated in 100 steps
     V2 final: lam=+1.696 dbar=2.696 (n=99)  ||  V1 final: lam=0.733 dbar=1.733  ||  retain=0.0000
     epistemic(Var_w[p]): mean=0.00000 max=0.00001 last=0.00000 | alpha0: mean=14.899 last=4.300
     learn (4,LEFT) n=44 | empirical=[0.73,0.18,0.09] | model p_dir=[0.72,0.18,0.09]
     learn (0,LEFT) n=31 | empirical=[0.81,0.00,0.19] | model p_dir=[0.80,0.00,0.19]
     learn (1,UP) n= 7 | empirical=[0.71,0.14,0.14] | model p_dir=[0.70,0.15,0.15]

########## TRIAL 44/100 ##########
  => TRIAL 44 end: hole in 9 steps
     V2 final: lam=+7.215 dbar=8.215 (n=8)  ||  V1 final: lam=3.842 dbar=4.842  ||  retain=0.0000
     epistemic(Var_w[p]): mean=0.00000 max=0.00001 last=0.00000 | alpha0: mean=1.768 last=0.300
     learn (10,LEFT) n= 2 | empirical=[0.00,0.50,0.50] | model p_dir=[0.04,0.48,0.48]
     learn (0,DOWN) n= 1 | empirical=[1.00,0.00,0.00] | model p_dir=[0.85,0.08,0.08]
     learn (4,DOWN) n= 1 | empirical=[1.00,0.00,0.00] | model p_dir=[0.85,0.08,0.08]

########## TRIAL 45/100 ##########
  => TRIAL 45 end: goal in 14 steps
     V2 final: lam=+4.463 dbar=5.463 (n=13)  ||  V1 final: lam=1.932 dbar=2.932  ||  retain=0.0000
     epistemic(Var_w[p]): mean=0.00000 max=0.00002 last=0.00000 | alpha0: mean=2.047 last=0.300
     learn (13,RIGHT) n= 4 | empirical=[0.50,0.50,0.00] | model p_dir=[0.49,0.49,0.02]
     learn (14,DOWN) n= 3 | empirical=[0.67,0.33,0.00] | model p_dir=[0.64,0.33,0.03]
     learn (0,DOWN) n= 1 | empirical=[1.00,0.00,0.00] | model p_dir=[0.85,0.08,0.08]

########## TRIAL 46/100 ##########
  => TRIAL 46 end: goal in 91 steps
     V2 final: lam=+2.992 dbar=3.992 (n=90)  ||  V1 final: lam=1.125 dbar=2.125  ||  retain=0.0000
     epistemic(Var_w[p]): mean=0.00000 max=0.00002 last=0.00000 | alpha0: mean=7.034 last=1.300
     learn (4,LEFT) n=25 | empirical=[0.68,0.16,0.16] | model p_dir=[0.68,0.16,0.16]
     learn (0,LEFT) n=19 | empirical=[0.84,0.00,0.16] | model p_dir=[0.83,0.01,0.16]
     learn (0,UP) n=10 | empirical=[0.90,0.10,0.00] | model p_dir=[0.88,0.11,0.01]

########## TRIAL 47/100 ##########
  => TRIAL 47 end: goal in 13 steps
     V2 final: lam=+4.871 dbar=5.871 (n=12)  ||  V1 final: lam=3.491 dbar=4.491  ||  retain=0.0000
     epistemic(Var_w[p]): mean=0.00000 max=0.00001 last=0.00000 | alpha0: mean=2.162 last=2.300
     learn (9,DOWN) n= 3 | empirical=[1.00,0.00,0.00] | model p_dir=[0.94,0.03,0.03]
     learn (13,RIGHT) n= 3 | empirical=[0.33,0.00,0.67] | model p_dir=[0.33,0.03,0.64]
     learn (14,DOWN) n= 3 | empirical=[0.67,0.00,0.33] | model p_dir=[0.64,0.03,0.33]

########## TRIAL 48/100 ##########
  => TRIAL 48 end: hole in 3 steps
     V2 final: lam=+20.190 dbar=21.190 (n=2)  ||  V1 final: lam=7.915 dbar=8.915  ||  retain=0.0469
     epistemic(Var_w[p]): mean=0.00001 max=0.00001 last=0.00000 | alpha0: mean=3.261 last=3.342
     learn (0,DOWN) n= 1 | empirical=[1.00,0.00,0.00] | model p_dir=[0.86,0.07,0.07]
     learn (4,DOWN) n= 1 | empirical=[1.00,0.00,0.00] | model p_dir=[0.86,0.07,0.07]
     learn (8,RIGHT) n= 1 | empirical=[0.00,1.00,0.00] | model p_dir=[0.18,0.76,0.07]

########## TRIAL 49/100 ##########
  => TRIAL 49 end: hole in 2 steps
     V2 final: lam=+22.786 dbar=23.786 (n=1)  ||  V1 final: lam=4.397 dbar=5.397  ||  retain=0.0420
     epistemic(Var_w[p]): mean=0.00001 max=0.00001 last=0.00001 | alpha0: mean=3.230 last=3.156
     learn (0,DOWN) n= 1 | empirical=[1.00,0.00,0.00] | model p_dir=[0.86,0.07,0.07]
     learn (4,DOWN) n= 1 | empirical=[0.00,0.00,1.00] | model p_dir=[0.16,0.07,0.77]

########## TRIAL 50/100 ##########
  => TRIAL 50 end: hole in 2 steps
     V2 final: lam=+21.504 dbar=22.504 (n=1)  ||  V1 final: lam=4.141 dbar=5.141  ||  retain=0.0444
     epistemic(Var_w[p]): mean=0.00001 max=0.00002 last=0.00002 | alpha0: mean=3.140 last=3.070
     learn (0,DOWN) n= 1 | empirical=[1.00,0.00,0.00] | model p_dir=[0.86,0.07,0.07]
     learn (4,DOWN) n= 1 | empirical=[0.00,0.00,1.00] | model p_dir=[0.16,0.07,0.77]

########## TRIAL 51/100 ##########
  => TRIAL 51 end: hole in 21 steps
     V2 final: lam=+3.407 dbar=4.407 (n=20)  ||  V1 final: lam=2.468 dbar=3.468  ||  retain=0.0000
     epistemic(Var_w[p]): mean=0.00000 max=0.00001 last=0.00000 | alpha0: mean=1.700 last=1.300
     learn (4,LEFT) n= 3 | empirical=[0.67,0.33,0.00] | model p_dir=[0.64,0.33,0.03]
     learn (4,DOWN) n= 3 | empirical=[1.00,0.00,0.00] | model p_dir=[0.94,0.03,0.03]
     learn (8,UP) n= 3 | empirical=[0.67,0.00,0.33] | model p_dir=[0.64,0.03,0.33]

########## TRIAL 52/100 ##########
  => TRIAL 52 end: goal in 19 steps
     V2 final: lam=+4.833 dbar=5.833 (n=18)  ||  V1 final: lam=2.283 dbar=3.283  ||  retain=0.0000
     epistemic(Var_w[p]): mean=0.00000 max=0.00001 last=0.00000 | alpha0: mean=2.832 last=0.300
     learn (4,LEFT) n= 9 | empirical=[0.89,0.00,0.11] | model p_dir=[0.87,0.01,0.12]
     learn (8,RIGHT) n= 2 | empirical=[0.50,0.00,0.50] | model p_dir=[0.48,0.04,0.48]
     learn (9,DOWN) n= 2 | empirical=[1.00,0.00,0.00] | model p_dir=[0.91,0.04,0.04]

########## TRIAL 53/100 ##########
  => TRIAL 53 end: hole in 6 steps
     V2 final: lam=+9.024 dbar=10.024 (n=5)  ||  V1 final: lam=4.553 dbar=5.553  ||  retain=0.0000
     epistemic(Var_w[p]): mean=0.00001 max=0.00002 last=0.00000 | alpha0: mean=1.966 last=0.301
     learn (4,LEFT) n= 2 | empirical=[0.50,0.00,0.50] | model p_dir=[0.48,0.04,0.48]
     learn (0,DOWN) n= 1 | empirical=[1.00,0.00,0.00] | model p_dir=[0.85,0.08,0.08]
     learn (4,DOWN) n= 1 | empirical=[1.00,0.00,0.00] | model p_dir=[0.85,0.08,0.08]

########## TRIAL 54/100 ##########
  => TRIAL 54 end: goal in 6 steps
     V2 final: lam=-0.018 dbar=0.982 (n=5)  ||  V1 final: lam=0.000 dbar=1.000  ||  retain=0.9956
     epistemic(Var_w[p]): mean=0.00000 max=0.00001 last=0.00000 | alpha0: mean=3.336 last=3.566
     learn (0,DOWN) n= 1 | empirical=[1.00,0.00,0.00] | model p_dir=[0.98,0.01,0.01]
     learn (4,DOWN) n= 1 | empirical=[1.00,0.00,0.00] | model p_dir=[0.97,0.02,0.01]
     learn (8,RIGHT) n= 1 | empirical=[1.00,0.00,0.00] | model p_dir=[0.98,0.01,0.01]

########## TRIAL 55/100 ##########
  => TRIAL 55 end: hole in 3 steps
     V2 final: lam=+20.603 dbar=21.603 (n=2)  ||  V1 final: lam=8.079 dbar=9.079  ||  retain=0.0459
     epistemic(Var_w[p]): mean=0.00001 max=0.00001 last=0.00000 | alpha0: mean=3.300 last=3.437
     learn (0,DOWN) n= 1 | empirical=[1.00,0.00,0.00] | model p_dir=[0.86,0.07,0.07]
     learn (4,DOWN) n= 1 | empirical=[1.00,0.00,0.00] | model p_dir=[0.86,0.07,0.07]
     learn (8,RIGHT) n= 1 | empirical=[0.00,1.00,0.00] | model p_dir=[0.17,0.76,0.07]

########## TRIAL 56/100 ##########
  => TRIAL 56 end: truncated in 100 steps
     V2 final: lam=+2.233 dbar=3.233 (n=99)  ||  V1 final: lam=0.403 dbar=1.403  ||  retain=0.0000
     epistemic(Var_w[p]): mean=0.00000 max=0.00003 last=0.00000 | alpha0: mean=10.259 last=20.300
     learn (1,UP) n=34 | empirical=[0.68,0.21,0.12] | model p_dir=[0.67,0.21,0.12]
     learn (2,UP) n=21 | empirical=[0.57,0.14,0.29] | model p_dir=[0.57,0.15,0.29]
     learn (0,UP) n=17 | empirical=[0.94,0.06,0.00] | model p_dir=[0.93,0.06,0.01]

########## TRIAL 57/100 ##########
  => TRIAL 57 end: hole in 7 steps
     V2 final: lam=+9.303 dbar=10.303 (n=6)  ||  V1 final: lam=8.724 dbar=9.724  ||  retain=0.0082
     epistemic(Var_w[p]): mean=0.00001 max=0.00002 last=0.00002 | alpha0: mean=2.997 last=0.546
     learn (0,DOWN) n= 1 | empirical=[1.00,0.00,0.00] | model p_dir=[0.85,0.08,0.08]
     learn (4,DOWN) n= 1 | empirical=[1.00,0.00,0.00] | model p_dir=[0.85,0.08,0.08]
     learn (8,RIGHT) n= 1 | empirical=[1.00,0.00,0.00] | model p_dir=[0.85,0.08,0.08]

########## TRIAL 58/100 ##########
  => TRIAL 58 end: goal in 78 steps
     V2 final: lam=+2.585 dbar=3.585 (n=77)  ||  V1 final: lam=1.599 dbar=2.599  ||  retain=0.0000
     epistemic(Var_w[p]): mean=0.00000 max=0.00002 last=0.00000 | alpha0: mean=5.158 last=0.300
     learn (4,LEFT) n=20 | empirical=[0.80,0.15,0.05] | model p_dir=[0.79,0.15,0.05]
     learn (2,UP) n=13 | empirical=[0.69,0.15,0.15] | model p_dir=[0.68,0.16,0.16]
     learn (3,UP) n=10 | empirical=[0.80,0.00,0.20] | model p_dir=[0.79,0.01,0.20]

########## TRIAL 59/100 ##########
  => TRIAL 59 end: goal in 22 steps
     V2 final: lam=+2.873 dbar=3.873 (n=21)  ||  V1 final: lam=1.209 dbar=2.209  ||  retain=0.0000
     epistemic(Var_w[p]): mean=0.00000 max=0.00001 last=0.00000 | alpha0: mean=2.819 last=1.300
     learn (13,RIGHT) n= 8 | empirical=[0.25,0.38,0.38] | model p_dir=[0.25,0.37,0.37]
     learn (9,DOWN) n= 5 | empirical=[1.00,0.00,0.00] | model p_dir=[0.96,0.02,0.02]
     learn (14,DOWN) n= 2 | empirical=[1.00,0.00,0.00] | model p_dir=[0.91,0.04,0.04]

########## TRIAL 60/100 ##########
  => TRIAL 60 end: hole in 14 steps
     V2 final: lam=+6.384 dbar=7.384 (n=13)  ||  V1 final: lam=3.687 dbar=4.687  ||  retain=0.0000
     epistemic(Var_w[p]): mean=0.00000 max=0.00002 last=0.00000 | alpha0: mean=1.972 last=3.300
     learn (8,LEFT) n= 4 | empirical=[0.50,0.25,0.25] | model p_dir=[0.49,0.26,0.26]
     learn (9,DOWN) n= 3 | empirical=[0.00,0.33,0.67] | model p_dir=[0.03,0.33,0.64]
     learn (4,LEFT) n= 2 | empirical=[0.50,0.00,0.50] | model p_dir=[0.48,0.04,0.48]

########## TRIAL 61/100 ##########
  => TRIAL 61 end: hole in 24 steps
     V2 final: lam=+4.408 dbar=5.408 (n=23)  ||  V1 final: lam=3.825 dbar=4.825  ||  retain=0.0000
     epistemic(Var_w[p]): mean=0.00000 max=0.00003 last=0.00000 | alpha0: mean=1.827 last=3.300
     learn (4,DOWN) n= 4 | empirical=[0.75,0.00,0.25] | model p_dir=[0.72,0.02,0.26]
     learn (8,RIGHT) n= 3 | empirical=[0.67,0.00,0.33] | model p_dir=[0.64,0.03,0.33]
     learn (9,DOWN) n= 3 | empirical=[0.67,0.00,0.33] | model p_dir=[0.64,0.03,0.33]

########## TRIAL 62/100 ##########
  => TRIAL 62 end: truncated in 100 steps
     V2 final: lam=+2.828 dbar=3.828 (n=99)  ||  V1 final: lam=1.054 dbar=2.054  ||  retain=0.0000
     epistemic(Var_w[p]): mean=0.00000 max=0.00002 last=0.00000 | alpha0: mean=9.459 last=14.300
     learn (3,UP) n=30 | empirical=[0.93,0.00,0.07] | model p_dir=[0.93,0.00,0.07]
     learn (1,UP) n=22 | empirical=[0.86,0.09,0.05] | model p_dir=[0.86,0.09,0.05]
     learn (0,LEFT) n=15 | empirical=[0.87,0.00,0.13] | model p_dir=[0.86,0.01,0.14]

########## TRIAL 63/100 ##########
  => TRIAL 63 end: goal in 11 steps
     V2 final: lam=+5.754 dbar=6.754 (n=10)  ||  V1 final: lam=5.227 dbar=6.227  ||  retain=0.0000
     epistemic(Var_w[p]): mean=0.00000 max=0.00001 last=0.00000 | alpha0: mean=2.695 last=4.300
     learn (14,DOWN) n= 5 | empirical=[0.80,0.00,0.20] | model p_dir=[0.77,0.02,0.21]
     learn (13,RIGHT) n= 2 | empirical=[0.50,0.50,0.00] | model p_dir=[0.48,0.48,0.04]
     learn (0,DOWN) n= 1 | empirical=[1.00,0.00,0.00] | model p_dir=[0.85,0.08,0.08]

########## TRIAL 64/100 ##########
  => TRIAL 64 end: goal in 16 steps
     V2 final: lam=+4.691 dbar=5.691 (n=15)  ||  V1 final: lam=2.125 dbar=3.125  ||  retain=0.0000
     epistemic(Var_w[p]): mean=0.00000 max=0.00001 last=0.00000 | alpha0: mean=1.424 last=1.300
     learn (9,DOWN) n= 3 | empirical=[0.67,0.33,0.00] | model p_dir=[0.64,0.33,0.03]
     learn (13,RIGHT) n= 3 | empirical=[0.67,0.00,0.33] | model p_dir=[0.64,0.03,0.33]
     learn (8,RIGHT) n= 2 | empirical=[0.50,0.00,0.50] | model p_dir=[0.48,0.04,0.48]

########## TRIAL 65/100 ##########
  => TRIAL 65 end: hole in 3 steps
     V2 final: lam=+21.269 dbar=22.269 (n=2)  ||  V1 final: lam=8.346 dbar=9.346  ||  retain=0.0446
     epistemic(Var_w[p]): mean=0.00001 max=0.00001 last=0.00000 | alpha0: mean=3.269 last=3.419
     learn (0,DOWN) n= 1 | empirical=[1.00,0.00,0.00] | model p_dir=[0.86,0.07,0.07]
     learn (4,DOWN) n= 1 | empirical=[1.00,0.00,0.00] | model p_dir=[0.86,0.07,0.07]
     learn (8,RIGHT) n= 1 | empirical=[0.00,1.00,0.00] | model p_dir=[0.17,0.76,0.07]

########## TRIAL 66/100 ##########
  => TRIAL 66 end: hole in 2 steps
     V2 final: lam=+23.689 dbar=24.689 (n=1)  ||  V1 final: lam=4.578 dbar=5.578  ||  retain=0.0405
     epistemic(Var_w[p]): mean=0.00001 max=0.00001 last=0.00001 | alpha0: mean=3.202 last=3.094
     learn (0,DOWN) n= 1 | empirical=[1.00,0.00,0.00] | model p_dir=[0.86,0.07,0.07]
     learn (4,DOWN) n= 1 | empirical=[0.00,0.00,1.00] | model p_dir=[0.16,0.07,0.78]

########## TRIAL 67/100 ##########
  => TRIAL 67 end: goal in 11 steps
     V2 final: lam=+5.929 dbar=6.929 (n=10)  ||  V1 final: lam=2.682 dbar=3.682  ||  retain=0.0000
     epistemic(Var_w[p]): mean=0.00000 max=0.00001 last=0.00000 | alpha0: mean=1.777 last=0.300
     learn (8,RIGHT) n= 2 | empirical=[1.00,0.00,0.00] | model p_dir=[0.91,0.04,0.04]
     learn (9,DOWN) n= 2 | empirical=[0.50,0.50,0.00] | model p_dir=[0.48,0.48,0.04]
     learn (13,RIGHT) n= 2 | empirical=[1.00,0.00,0.00] | model p_dir=[0.91,0.04,0.04]

########## TRIAL 68/100 ##########
  => TRIAL 68 end: hole in 3 steps
     V2 final: lam=+18.426 dbar=19.426 (n=2)  ||  V1 final: lam=7.209 dbar=8.209  ||  retain=0.0513
     epistemic(Var_w[p]): mean=0.00000 max=0.00001 last=0.00000 | alpha0: mean=3.264 last=3.340
     learn (0,DOWN) n= 1 | empirical=[1.00,0.00,0.00] | model p_dir=[0.86,0.07,0.07]
     learn (4,DOWN) n= 1 | empirical=[1.00,0.00,0.00] | model p_dir=[0.87,0.07,0.07]
     learn (8,RIGHT) n= 1 | empirical=[0.00,1.00,0.00] | model p_dir=[0.18,0.75,0.07]

########## TRIAL 69/100 ##########
  => TRIAL 69 end: hole in 2 steps
     V2 final: lam=+24.570 dbar=25.570 (n=1)  ||  V1 final: lam=4.754 dbar=5.754  ||  retain=0.0391
     epistemic(Var_w[p]): mean=0.00001 max=0.00001 last=0.00001 | alpha0: mean=3.220 last=3.111
     learn (0,DOWN) n= 1 | empirical=[1.00,0.00,0.00] | model p_dir=[0.86,0.07,0.07]
     learn (4,DOWN) n= 1 | empirical=[0.00,0.00,1.00] | model p_dir=[0.15,0.07,0.78]

########## TRIAL 70/100 ##########
  => TRIAL 70 end: hole in 9 steps
     V2 final: lam=+7.932 dbar=8.932 (n=8)  ||  V1 final: lam=5.454 dbar=6.454  ||  retain=0.0000
     epistemic(Var_w[p]): mean=0.00001 max=0.00002 last=0.00000 | alpha0: mean=2.527 last=1.300
     learn (4,LEFT) n= 5 | empirical=[0.80,0.00,0.20] | model p_dir=[0.77,0.02,0.21]
     learn (8,RIGHT) n= 2 | empirical=[0.00,0.50,0.50] | model p_dir=[0.04,0.48,0.48]
     learn (0,DOWN) n= 1 | empirical=[1.00,0.00,0.00] | model p_dir=[0.85,0.08,0.08]

########## TRIAL 71/100 ##########
  => TRIAL 71 end: goal in 6 steps
     V2 final: lam=-0.016 dbar=0.984 (n=5)  ||  V1 final: lam=0.000 dbar=1.000  ||  retain=0.9941
     epistemic(Var_w[p]): mean=0.00000 max=0.00001 last=0.00000 | alpha0: mean=3.381 last=3.528
     learn (0,DOWN) n= 1 | empirical=[1.00,0.00,0.00] | model p_dir=[0.97,0.01,0.01]
     learn (4,DOWN) n= 1 | empirical=[1.00,0.00,0.00] | model p_dir=[0.97,0.01,0.01]
     learn (8,RIGHT) n= 1 | empirical=[1.00,0.00,0.00] | model p_dir=[0.98,0.01,0.01]

########## TRIAL 72/100 ##########
  => TRIAL 72 end: hole in 2 steps
     V2 final: lam=+22.160 dbar=23.160 (n=1)  ||  V1 final: lam=4.272 dbar=5.272  ||  retain=0.0432
     epistemic(Var_w[p]): mean=0.00001 max=0.00001 last=0.00001 | alpha0: mean=3.144 last=2.990
     learn (0,DOWN) n= 1 | empirical=[1.00,0.00,0.00] | model p_dir=[0.86,0.07,0.07]
     learn (4,DOWN) n= 1 | empirical=[0.00,0.00,1.00] | model p_dir=[0.16,0.07,0.77]

########## TRIAL 73/100 ##########
  => TRIAL 73 end: goal in 13 steps
     V2 final: lam=+3.034 dbar=4.034 (n=12)  ||  V1 final: lam=1.141 dbar=2.141  ||  retain=0.0000
     epistemic(Var_w[p]): mean=0.00000 max=0.00002 last=0.00000 | alpha0: mean=1.135 last=0.300
     learn (13,RIGHT) n= 3 | empirical=[0.67,0.33,0.00] | model p_dir=[0.64,0.33,0.03]
     learn (13,DOWN) n= 2 | empirical=[1.00,0.00,0.00] | model p_dir=[0.91,0.04,0.04]
     learn (14,DOWN) n= 2 | empirical=[0.50,0.50,0.00] | model p_dir=[0.48,0.48,0.04]

########## TRIAL 74/100 ##########
  => TRIAL 74 end: goal in 6 steps
     V2 final: lam=-0.018 dbar=0.982 (n=5)  ||  V1 final: lam=0.000 dbar=1.000  ||  retain=0.9952
     epistemic(Var_w[p]): mean=0.00001 max=0.00001 last=0.00000 | alpha0: mean=3.373 last=3.564
     learn (0,DOWN) n= 1 | empirical=[1.00,0.00,0.00] | model p_dir=[0.98,0.01,0.01]
     learn (4,DOWN) n= 1 | empirical=[1.00,0.00,0.00] | model p_dir=[0.97,0.02,0.01]
     learn (8,RIGHT) n= 1 | empirical=[1.00,0.00,0.00] | model p_dir=[0.98,0.01,0.01]

########## TRIAL 75/100 ##########
  => TRIAL 75 end: goal in 42 steps
     V2 final: lam=+3.002 dbar=4.002 (n=41)  ||  V1 final: lam=0.459 dbar=1.459  ||  retain=0.0000
     epistemic(Var_w[p]): mean=0.00000 max=0.00002 last=0.00000 | alpha0: mean=5.274 last=0.300
     learn (0,LEFT) n=19 | empirical=[0.84,0.00,0.16] | model p_dir=[0.83,0.01,0.16]
     learn (4,LEFT) n= 8 | empirical=[0.38,0.38,0.25] | model p_dir=[0.37,0.37,0.25]
     learn (0,UP) n= 2 | empirical=[0.50,0.50,0.00] | model p_dir=[0.48,0.48,0.04]

########## TRIAL 76/100 ##########
  => TRIAL 76 end: hole in 3 steps
     V2 final: lam=+18.566 dbar=19.566 (n=2)  ||  V1 final: lam=7.265 dbar=8.265  ||  retain=0.0508
     epistemic(Var_w[p]): mean=0.00001 max=0.00001 last=0.00000 | alpha0: mean=3.226 last=3.346
     learn (0,DOWN) n= 1 | empirical=[1.00,0.00,0.00] | model p_dir=[0.87,0.07,0.07]
     learn (4,DOWN) n= 1 | empirical=[1.00,0.00,0.00] | model p_dir=[0.86,0.07,0.07]
     learn (8,RIGHT) n= 1 | empirical=[0.00,1.00,0.00] | model p_dir=[0.18,0.75,0.07]

########## TRIAL 77/100 ##########
  => TRIAL 77 end: truncated in 100 steps
     V2 final: lam=+1.672 dbar=2.672 (n=99)  ||  V1 final: lam=1.755 dbar=2.755  ||  retain=0.0000
     epistemic(Var_w[p]): mean=0.00000 max=0.00002 last=0.00000 | alpha0: mean=14.609 last=0.300
     learn (0,LEFT) n=40 | empirical=[0.88,0.00,0.12] | model p_dir=[0.87,0.00,0.13]
     learn (4,LEFT) n=35 | empirical=[0.77,0.14,0.09] | model p_dir=[0.77,0.14,0.09]
     learn (1,UP) n= 8 | empirical=[0.75,0.12,0.12] | model p_dir=[0.73,0.13,0.13]

########## TRIAL 78/100 ##########
  => TRIAL 78 end: goal in 6 steps
     V2 final: lam=+9.650 dbar=10.650 (n=5)  ||  V1 final: lam=5.935 dbar=6.935  ||  retain=0.0004
     epistemic(Var_w[p]): mean=0.00001 max=0.00003 last=0.00000 | alpha0: mean=2.356 last=0.315
     learn (0,DOWN) n= 1 | empirical=[1.00,0.00,0.00] | model p_dir=[0.85,0.08,0.08]
     learn (4,DOWN) n= 1 | empirical=[1.00,0.00,0.00] | model p_dir=[0.85,0.08,0.08]
     learn (8,RIGHT) n= 1 | empirical=[1.00,0.00,0.00] | model p_dir=[0.85,0.08,0.08]

########## TRIAL 79/100 ##########
  => TRIAL 79 end: goal in 6 steps
     V2 final: lam=-0.011 dbar=0.989 (n=5)  ||  V1 final: lam=0.000 dbar=1.000  ||  retain=0.9917
     epistemic(Var_w[p]): mean=0.00000 max=0.00001 last=0.00000 | alpha0: mean=3.365 last=3.543
     learn (0,DOWN) n= 1 | empirical=[1.00,0.00,0.00] | model p_dir=[0.98,0.01,0.01]
     learn (4,DOWN) n= 1 | empirical=[1.00,0.00,0.00] | model p_dir=[0.97,0.02,0.01]
     learn (8,RIGHT) n= 1 | empirical=[1.00,0.00,0.00] | model p_dir=[0.98,0.01,0.01]

########## TRIAL 80/100 ##########
  => TRIAL 80 end: hole in 2 steps
     V2 final: lam=+23.337 dbar=24.337 (n=1)  ||  V1 final: lam=4.507 dbar=5.507  ||  retain=0.0411
     epistemic(Var_w[p]): mean=0.00001 max=0.00001 last=0.00001 | alpha0: mean=3.182 last=3.164
     learn (0,DOWN) n= 1 | empirical=[1.00,0.00,0.00] | model p_dir=[0.86,0.07,0.07]
     learn (4,DOWN) n= 1 | empirical=[0.00,0.00,1.00] | model p_dir=[0.16,0.07,0.77]

########## TRIAL 81/100 ##########
  => TRIAL 81 end: hole in 82 steps
     V2 final: lam=+2.054 dbar=3.054 (n=81)  ||  V1 final: lam=1.879 dbar=2.879  ||  retain=0.0000
     epistemic(Var_w[p]): mean=0.00000 max=0.00001 last=0.00000 | alpha0: mean=6.566 last=1.300
     learn (2,UP) n=21 | empirical=[0.76,0.10,0.14] | model p_dir=[0.76,0.10,0.15]
     learn (1,UP) n=17 | empirical=[0.76,0.18,0.06] | model p_dir=[0.76,0.18,0.06]
     learn (4,LEFT) n=13 | empirical=[0.62,0.23,0.15] | model p_dir=[0.61,0.23,0.16]

########## TRIAL 82/100 ##########
  => TRIAL 82 end: hole in 5 steps
     V2 final: lam=+6.605 dbar=7.605 (n=4)  ||  V1 final: lam=2.835 dbar=3.835  ||  retain=0.0001
     epistemic(Var_w[p]): mean=0.00001 max=0.00001 last=0.00000 | alpha0: mean=1.654 last=1.301
     learn (4,UP) n= 2 | empirical=[0.50,0.50,0.00] | model p_dir=[0.48,0.48,0.04]
     learn (0,LEFT) n= 1 | empirical=[0.00,0.00,1.00] | model p_dir=[0.08,0.08,0.85]
     learn (0,DOWN) n= 1 | empirical=[1.00,0.00,0.00] | model p_dir=[0.85,0.08,0.08]

########## TRIAL 83/100 ##########
  => TRIAL 83 end: goal in 6 steps
     V2 final: lam=-0.015 dbar=0.985 (n=5)  ||  V1 final: lam=0.000 dbar=1.000  ||  retain=0.9920
     epistemic(Var_w[p]): mean=0.00000 max=0.00001 last=0.00000 | alpha0: mean=3.332 last=3.539
     learn (0,DOWN) n= 1 | empirical=[1.00,0.00,0.00] | model p_dir=[0.97,0.01,0.01]
     learn (4,DOWN) n= 1 | empirical=[1.00,0.00,0.00] | model p_dir=[0.97,0.02,0.01]
     learn (8,RIGHT) n= 1 | empirical=[1.00,0.00,0.00] | model p_dir=[0.99,0.01,0.01]

########## TRIAL 84/100 ##########
  => TRIAL 84 end: hole in 3 steps
     V2 final: lam=+18.847 dbar=19.847 (n=2)  ||  V1 final: lam=7.376 dbar=8.376  ||  retain=0.0499
     epistemic(Var_w[p]): mean=0.00001 max=0.00001 last=0.00000 | alpha0: mean=3.208 last=3.346
     learn (0,DOWN) n= 1 | empirical=[1.00,0.00,0.00] | model p_dir=[0.87,0.07,0.07]
     learn (4,DOWN) n= 1 | empirical=[1.00,0.00,0.00] | model p_dir=[0.86,0.07,0.07]
     learn (8,RIGHT) n= 1 | empirical=[0.00,1.00,0.00] | model p_dir=[0.18,0.75,0.07]

########## TRIAL 85/100 ##########
  => TRIAL 85 end: truncated in 100 steps
     V2 final: lam=+2.813 dbar=3.813 (n=99)  ||  V1 final: lam=0.759 dbar=1.759  ||  retain=0.0000
     epistemic(Var_w[p]): mean=0.00000 max=0.00001 last=0.00000 | alpha0: mean=12.049 last=38.300
     learn (4,LEFT) n=39 | empirical=[0.82,0.10,0.08] | model p_dir=[0.82,0.10,0.08]
     learn (0,LEFT) n=26 | empirical=[0.81,0.00,0.19] | model p_dir=[0.80,0.00,0.19]
     learn (1,UP) n=10 | empirical=[0.60,0.10,0.30] | model p_dir=[0.59,0.11,0.30]

########## TRIAL 86/100 ##########
  => TRIAL 86 end: goal in 6 steps
     V2 final: lam=-0.015 dbar=0.985 (n=5)  ||  V1 final: lam=0.000 dbar=1.000  ||  retain=0.9949
     epistemic(Var_w[p]): mean=0.00000 max=0.00001 last=0.00000 | alpha0: mean=3.392 last=3.636
     learn (0,DOWN) n= 1 | empirical=[1.00,0.00,0.00] | model p_dir=[0.98,0.01,0.01]
     learn (4,DOWN) n= 1 | empirical=[1.00,0.00,0.00] | model p_dir=[0.97,0.01,0.01]
     learn (8,RIGHT) n= 1 | empirical=[1.00,0.00,0.00] | model p_dir=[0.98,0.01,0.01]

########## TRIAL 87/100 ##########
  => TRIAL 87 end: hole in 7 steps
     V2 final: lam=+9.116 dbar=10.116 (n=6)  ||  V1 final: lam=8.541 dbar=9.541  ||  retain=0.0085
     epistemic(Var_w[p]): mean=0.00001 max=0.00001 last=0.00001 | alpha0: mean=2.952 last=0.542
     learn (0,DOWN) n= 1 | empirical=[1.00,0.00,0.00] | model p_dir=[0.85,0.08,0.08]
     learn (4,DOWN) n= 1 | empirical=[1.00,0.00,0.00] | model p_dir=[0.85,0.08,0.08]
     learn (8,RIGHT) n= 1 | empirical=[1.00,0.00,0.00] | model p_dir=[0.85,0.07,0.07]

########## TRIAL 88/100 ##########
  => TRIAL 88 end: goal in 19 steps
     V2 final: lam=+3.378 dbar=4.378 (n=18)  ||  V1 final: lam=1.122 dbar=2.122  ||  retain=0.0000
     epistemic(Var_w[p]): mean=0.00000 max=0.00001 last=0.00000 | alpha0: mean=1.836 last=1.300
     learn (14,DOWN) n= 5 | empirical=[1.00,0.00,0.00] | model p_dir=[0.96,0.02,0.02]
     learn (10,DOWN) n= 3 | empirical=[1.00,0.00,0.00] | model p_dir=[0.94,0.03,0.03]
     learn (8,RIGHT) n= 2 | empirical=[1.00,0.00,0.00] | model p_dir=[0.91,0.04,0.04]

########## TRIAL 89/100 ##########
  => TRIAL 89 end: goal in 24 steps
     V2 final: lam=+3.520 dbar=4.520 (n=23)  ||  V1 final: lam=1.013 dbar=2.013  ||  retain=0.0000
     epistemic(Var_w[p]): mean=0.00000 max=0.00001 last=0.00000 | alpha0: mean=2.971 last=0.300
     learn (4,LEFT) n=10 | empirical=[0.80,0.10,0.10] | model p_dir=[0.79,0.11,0.11]
     learn (8,RIGHT) n= 3 | empirical=[0.67,0.00,0.33] | model p_dir=[0.64,0.03,0.33]
     learn (0,LEFT) n= 2 | empirical=[1.00,0.00,0.00] | model p_dir=[0.91,0.04,0.04]

########## TRIAL 90/100 ##########
  => TRIAL 90 end: hole in 12 steps
     V2 final: lam=+4.785 dbar=5.785 (n=11)  ||  V1 final: lam=2.933 dbar=3.933  ||  retain=0.0000
     epistemic(Var_w[p]): mean=0.00000 max=0.00001 last=0.00000 | alpha0: mean=2.462 last=4.300
     learn (4,LEFT) n= 5 | empirical=[0.60,0.00,0.40] | model p_dir=[0.58,0.02,0.40]
     learn (8,LEFT) n= 5 | empirical=[0.60,0.20,0.20] | model p_dir=[0.58,0.21,0.21]
     learn (0,DOWN) n= 1 | empirical=[1.00,0.00,0.00] | model p_dir=[0.85,0.08,0.08]

########## TRIAL 91/100 ##########
  => TRIAL 91 end: hole in 2 steps
     V2 final: lam=+22.265 dbar=23.265 (n=1)  ||  V1 final: lam=4.293 dbar=5.293  ||  retain=0.0430
     epistemic(Var_w[p]): mean=0.00001 max=0.00001 last=0.00001 | alpha0: mean=3.186 last=3.109
     learn (0,DOWN) n= 1 | empirical=[1.00,0.00,0.00] | model p_dir=[0.86,0.07,0.07]
     learn (4,DOWN) n= 1 | empirical=[0.00,0.00,1.00] | model p_dir=[0.16,0.07,0.77]

########## TRIAL 92/100 ##########
  => TRIAL 92 end: hole in 57 steps
     V2 final: lam=+3.846 dbar=4.846 (n=56)  ||  V1 final: lam=5.255 dbar=6.255  ||  retain=0.0000
     epistemic(Var_w[p]): mean=0.00000 max=0.00002 last=0.00000 | alpha0: mean=3.808 last=8.300
     learn (0,LEFT) n=12 | empirical=[0.67,0.00,0.33] | model p_dir=[0.66,0.01,0.33]
     learn (0,UP) n= 9 | empirical=[0.89,0.11,0.00] | model p_dir=[0.87,0.12,0.01]
     learn (4,UP) n= 9 | empirical=[0.78,0.11,0.11] | model p_dir=[0.76,0.12,0.12]

########## TRIAL 93/100 ##########
  => TRIAL 93 end: goal in 6 steps
     V2 final: lam=+9.779 dbar=10.779 (n=5)  ||  V1 final: lam=6.019 dbar=7.019  ||  retain=0.0004
     epistemic(Var_w[p]): mean=0.00001 max=0.00002 last=0.00000 | alpha0: mean=2.376 last=0.315
     learn (0,DOWN) n= 1 | empirical=[1.00,0.00,0.00] | model p_dir=[0.85,0.08,0.08]
     learn (4,DOWN) n= 1 | empirical=[1.00,0.00,0.00] | model p_dir=[0.85,0.08,0.08]
     learn (8,RIGHT) n= 1 | empirical=[1.00,0.00,0.00] | model p_dir=[0.85,0.08,0.08]

########## TRIAL 94/100 ##########
  => TRIAL 94 end: goal in 89 steps
     V2 final: lam=+2.201 dbar=3.201 (n=88)  ||  V1 final: lam=1.193 dbar=2.193  ||  retain=0.0000
     epistemic(Var_w[p]): mean=0.00000 max=0.00001 last=0.00000 | alpha0: mean=10.029 last=0.300
     learn (1,UP) n=37 | empirical=[0.70,0.11,0.19] | model p_dir=[0.70,0.11,0.19]
     learn (2,UP) n=15 | empirical=[0.60,0.13,0.27] | model p_dir=[0.59,0.14,0.27]
     learn (0,UP) n=12 | empirical=[0.83,0.17,0.00] | model p_dir=[0.82,0.17,0.01]

########## TRIAL 95/100 ##########
  => TRIAL 95 end: hole in 2 steps
     V2 final: lam=+25.262 dbar=26.262 (n=1)  ||  V1 final: lam=4.892 dbar=5.892  ||  retain=0.0381
     epistemic(Var_w[p]): mean=0.00001 max=0.00001 last=0.00001 | alpha0: mean=3.183 last=3.118
     learn (0,DOWN) n= 1 | empirical=[1.00,0.00,0.00] | model p_dir=[0.86,0.07,0.07]
     learn (4,DOWN) n= 1 | empirical=[0.00,0.00,1.00] | model p_dir=[0.15,0.07,0.78]

########## TRIAL 96/100 ##########
  => TRIAL 96 end: hole in 20 steps
     V2 final: lam=+3.715 dbar=4.715 (n=19)  ||  V1 final: lam=2.189 dbar=3.189  ||  retain=0.0000
     epistemic(Var_w[p]): mean=0.00000 max=0.00002 last=0.00000 | alpha0: mean=4.091 last=0.300
     learn (4,LEFT) n=12 | empirical=[0.75,0.08,0.17] | model p_dir=[0.74,0.09,0.17]
     learn (0,LEFT) n= 3 | empirical=[0.67,0.00,0.33] | model p_dir=[0.64,0.03,0.33]
     learn (8,UP) n= 2 | empirical=[0.50,0.50,0.00] | model p_dir=[0.48,0.48,0.04]

########## TRIAL 97/100 ##########
  => TRIAL 97 end: goal in 90 steps
     V2 final: lam=+3.087 dbar=4.087 (n=89)  ||  V1 final: lam=2.270 dbar=3.270  ||  retain=0.0000
     epistemic(Var_w[p]): mean=0.00000 max=0.00002 last=0.00000 | alpha0: mean=10.421 last=0.300
     learn (0,LEFT) n=33 | empirical=[0.88,0.00,0.12] | model p_dir=[0.87,0.00,0.12]
     learn (0,UP) n=23 | empirical=[0.91,0.09,0.00] | model p_dir=[0.91,0.09,0.00]
     learn (4,LEFT) n=15 | empirical=[0.40,0.33,0.27] | model p_dir=[0.40,0.33,0.27]

########## TRIAL 98/100 ##########
  => TRIAL 98 end: hole in 2 steps
     V2 final: lam=+23.678 dbar=24.678 (n=1)  ||  V1 final: lam=4.575 dbar=5.575  ||  retain=0.0405
     epistemic(Var_w[p]): mean=0.00001 max=0.00001 last=0.00001 | alpha0: mean=3.154 last=3.090
     learn (0,DOWN) n= 1 | empirical=[1.00,0.00,0.00] | model p_dir=[0.86,0.07,0.07]
     learn (4,DOWN) n= 1 | empirical=[0.00,0.00,1.00] | model p_dir=[0.15,0.07,0.78]

########## TRIAL 99/100 ##########
  => TRIAL 99 end: hole in 3 steps
     V2 final: lam=+19.566 dbar=20.566 (n=2)  ||  V1 final: lam=7.663 dbar=8.663  ||  retain=0.0480
     epistemic(Var_w[p]): mean=0.00001 max=0.00001 last=0.00000 | alpha0: mean=3.266 last=3.357
     learn (0,DOWN) n= 1 | empirical=[1.00,0.00,0.00] | model p_dir=[0.86,0.07,0.07]
     learn (4,DOWN) n= 1 | empirical=[1.00,0.00,0.00] | model p_dir=[0.86,0.07,0.07]
     learn (8,RIGHT) n= 1 | empirical=[0.00,1.00,0.00] | model p_dir=[0.18,0.76,0.07]

########## TRIAL 100/100 ##########
  => TRIAL 100 end: hole in 2 steps
     V2 final: lam=+22.309 dbar=23.309 (n=1)  ||  V1 final: lam=4.302 dbar=5.302  ||  retain=0.0429
     epistemic(Var_w[p]): mean=0.00001 max=0.00001 last=0.00001 | alpha0: mean=3.168 last=3.130
     learn (0,DOWN) n= 1 | empirical=[1.00,0.00,0.00] | model p_dir=[0.86,0.07,0.07]
     learn (4,DOWN) n= 1 | empirical=[0.00,0.00,1.00] | model p_dir=[0.16,0.07,0.77]

Wrote trial-metrics plot to /home/yli113/Adapt/risk_averse_ayan_metrics.png
  avg steps=27.310 | avg return=0.430 | goal rate=0.430

DONE.
